
  .   ____          _            __ _ _
 /\\ / ___'_ __ _ _(_)_ __  __ _ \ \ \ \
( ( )\___ | '_ | '_| | '_ \/ _` | \ \ \ \
 \\/  ___)| |_)| | | | | || (_| |  ) ) ) )
  '  |____| .__|_| |_|_| |_\__, | / / / /
 =========|_|==============|___/=/_/_/_/

[32m :: Spring Boot :: [39m              [2m (v3.5.4)[0;39m

2026-04-17T22:44:49.484-05:00 INFO  [main] [/] c.a.c.CatalogServiceApplication - Starting CatalogServiceApplication using Java 21.0.10 with PID 33810 (/Users/jose/Development/Java/arkab2b/catalog-service/build/classes/java/main started by jose in /Users/jose/Development/Java/arkab2b/catalog-service)
2026-04-17T22:44:49.488-05:00 INFO  [main] [/] c.a.c.CatalogServiceApplication - The following 1 profile is active: "local"
2026-04-17T22:44:52.308-05:00 INFO  [main] [/] o.s.d.r.c.RepositoryConfigurationDelegate - Multiple Spring Data modules found, entering strict repository configuration mode
2026-04-17T22:44:52.311-05:00 INFO  [main] [/] o.s.d.r.c.RepositoryConfigurationDelegate - Bootstrapping Spring Data R2DBC repositories in DEFAULT mode.
2026-04-17T22:44:52.559-05:00 INFO  [main] [/] o.s.d.r.c.RepositoryConfigurationDelegate - Finished Spring Data repository scanning in 211 ms. Found 11 R2DBC repository interfaces.
2026-04-17T22:44:52.582-05:00 INFO  [main] [/] o.s.d.r.c.RepositoryConfigurationDelegate - Multiple Spring Data modules found, entering strict repository configuration mode
2026-04-17T22:44:52.584-05:00 INFO  [main] [/] o.s.d.r.c.RepositoryConfigurationDelegate - Bootstrapping Spring Data Redis repositories in DEFAULT mode.
2026-04-17T22:44:52.610-05:00 INFO  [main] [/] o.s.d.r.c.RepositoryConfigurationExtensionSupport - Spring Data Redis - Could not safely identify store assignment for repository candidate interface com.arka.catalog.infrastructure.adapter.out.persistence.repository.ReactiveBrandRepository; If you want this repository to be a Redis repository, consider annotating your entities with one of these annotations: org.springframework.data.redis.core.RedisHash (preferred), or consider extending one of the following types with your repository: org.springframework.data.keyvalue.repository.KeyValueRepository
2026-04-17T22:44:52.610-05:00 INFO  [main] [/] o.s.d.r.c.RepositoryConfigurationExtensionSupport - Spring Data Redis - Could not safely identify store assignment for repository candidate interface com.arka.catalog.infrastructure.adapter.out.persistence.repository.ReactiveCatalogAuditRepository; If you want this repository to be a Redis repository, consider annotating your entities with one of these annotations: org.springframework.data.redis.core.RedisHash (preferred), or consider extending one of the following types with your repository: org.springframework.data.keyvalue.repository.KeyValueRepository
2026-04-17T22:44:52.610-05:00 INFO  [main] [/] o.s.d.r.c.RepositoryConfigurationExtensionSupport - Spring Data Redis - Could not safely identify store assignment for repository candidate interface com.arka.catalog.infrastructure.adapter.out.persistence.repository.ReactiveCategoryRepository; If you want this repository to be a Redis repository, consider annotating your entities with one of these annotations: org.springframework.data.redis.core.RedisHash (preferred), or consider extending one of the following types with your repository: org.springframework.data.keyvalue.repository.KeyValueRepository
2026-04-17T22:44:52.610-05:00 INFO  [main] [/] o.s.d.r.c.RepositoryConfigurationExtensionSupport - Spring Data Redis - Could not safely identify store assignment for repository candidate interface com.arka.catalog.infrastructure.adapter.out.persistence.repository.ReactiveOutboxEventRepository; If you want this repository to be a Redis repository, consider annotating your entities with one of these annotations: org.springframework.data.redis.core.RedisHash (preferred), or consider extending one of the following types with your repository: org.springframework.data.keyvalue.repository.KeyValueRepository
2026-04-17T22:44:52.610-05:00 INFO  [main] [/] o.s.d.r.c.RepositoryConfigurationExtensionSupport - Spring Data Redis - Could not safely identify store assignment for repository candidate interface com.arka.catalog.infrastructure.adapter.out.persistence.repository.ReactivePriceRepository; If you want this repository to be a Redis repository, consider annotating your entities with one of these annotations: org.springframework.data.redis.core.RedisHash (preferred), or consider extending one of the following types with your repository: org.springframework.data.keyvalue.repository.KeyValueRepository
2026-04-17T22:44:52.610-05:00 INFO  [main] [/] o.s.d.r.c.RepositoryConfigurationExtensionSupport - Spring Data Redis - Could not safely identify store assignment for repository candidate interface com.arka.catalog.infrastructure.adapter.out.persistence.repository.ReactivePriceScheduleRepository; If you want this repository to be a Redis repository, consider annotating your entities with one of these annotations: org.springframework.data.redis.core.RedisHash (preferred), or consider extending one of the following types with your repository: org.springframework.data.keyvalue.repository.KeyValueRepository
2026-04-17T22:44:52.610-05:00 INFO  [main] [/] o.s.d.r.c.RepositoryConfigurationExtensionSupport - Spring Data Redis - Could not safely identify store assignment for repository candidate interface com.arka.catalog.infrastructure.adapter.out.persistence.repository.ReactiveProcessedEventRepository; If you want this repository to be a Redis repository, consider annotating your entities with one of these annotations: org.springframework.data.redis.core.RedisHash (preferred), or consider extending one of the following types with your repository: org.springframework.data.keyvalue.repository.KeyValueRepository
2026-04-17T22:44:52.611-05:00 INFO  [main] [/] o.s.d.r.c.RepositoryConfigurationExtensionSupport - Spring Data Redis - Could not safely identify store assignment for repository candidate interface com.arka.catalog.infrastructure.adapter.out.persistence.repository.ReactiveProductRepository; If you want this repository to be a Redis repository, consider annotating your entities with one of these annotations: org.springframework.data.redis.core.RedisHash (preferred), or consider extending one of the following types with your repository: org.springframework.data.keyvalue.repository.KeyValueRepository
2026-04-17T22:44:52.613-05:00 INFO  [main] [/] o.s.d.r.c.RepositoryConfigurationExtensionSupport - Spring Data Redis - Could not safely identify store assignment for repository candidate interface com.arka.catalog.infrastructure.adapter.out.persistence.repository.ReactiveProductTagRepository; If you want this repository to be a Redis repository, consider annotating your entities with one of these annotations: org.springframework.data.redis.core.RedisHash (preferred), or consider extending one of the following types with your repository: org.springframework.data.keyvalue.repository.KeyValueRepository
2026-04-17T22:44:52.635-05:00 INFO  [main] [/] o.s.d.r.c.RepositoryConfigurationExtensionSupport - Spring Data Redis - Could not safely identify store assignment for repository candidate interface com.arka.catalog.infrastructure.adapter.out.persistence.repository.ReactiveVariantAttributeRepository; If you want this repository to be a Redis repository, consider annotating your entities with one of these annotations: org.springframework.data.redis.core.RedisHash (preferred), or consider extending one of the following types with your repository: org.springframework.data.keyvalue.repository.KeyValueRepository
2026-04-17T22:44:52.636-05:00 INFO  [main] [/] o.s.d.r.c.RepositoryConfigurationExtensionSupport - Spring Data Redis - Could not safely identify store assignment for repository candidate interface com.arka.catalog.infrastructure.adapter.out.persistence.repository.ReactiveVariantRepository; If you want this repository to be a Redis repository, consider annotating your entities with one of these annotations: org.springframework.data.redis.core.RedisHash (preferred), or consider extending one of the following types with your repository: org.springframework.data.keyvalue.repository.KeyValueRepository
2026-04-17T22:44:52.636-05:00 INFO  [main] [/] o.s.d.r.c.RepositoryConfigurationDelegate - Finished Spring Data repository scanning in 43 ms. Found 0 Redis repository interfaces.
2026-04-17T22:45:00.825-05:00 ERROR [main] [/] i.n.r.d.DnsServerAddressStreamProviders - Unable to load io.netty.resolver.dns.macos.MacOSDnsServerAddressStreamProvider, fallback to system defaults. This may result in incorrect DNS resolutions on MacOS. Check whether you have a dependency on 'io.netty:netty-resolver-dns-native-macos'. Use DEBUG level to see the full stack: java.lang.UnsatisfiedLinkError: failed to load the required native library
2026-04-17T22:45:01.304-05:00 INFO  [main] [/] o.s.b.a.e.web.EndpointLinksResolver - Exposing 3 endpoints beneath base path '/actuator'
2026-04-17T22:45:02.828-05:00 INFO  [main] [/] o.s.b.w.e.netty.NettyWebServer - Netty started on port 8083 (http)
2026-04-17T22:45:02.864-05:00 INFO  [main] [/] c.a.c.CatalogServiceApplication - Started CatalogServiceApplication in 14.445 seconds (process running for 15.446)
2026-04-17T22:45:11.237-05:00 INFO  [reactor-tcp-nio-1] [/] o.a.k.c.producer.ProducerConfig - ProducerConfig values: 
	acks = -1
	auto.include.jmx.reporter = true
	batch.size = 16384
	bootstrap.servers = [localhost:59092]
	buffer.memory = 33554432
	client.dns.lookup = use_all_dns_ips
	client.id = catalog-service-local-1
	compression.gzip.level = -1
	compression.lz4.level = 9
	compression.type = none
	compression.zstd.level = 3
	connections.max.idle.ms = 540000
	delivery.timeout.ms = 120000
	enable.idempotence = true
	enable.metrics.push = true
	interceptor.classes = []
	key.serializer = class org.apache.kafka.common.serialization.StringSerializer
	linger.ms = 0
	max.block.ms = 60000
	max.in.flight.requests.per.connection = 5
	max.request.size = 1048576
	metadata.max.age.ms = 300000
	metadata.max.idle.ms = 300000
	metadata.recovery.strategy = none
	metric.reporters = []
	metrics.num.samples = 2
	metrics.recording.level = INFO
	metrics.sample.window.ms = 30000
	partitioner.adaptive.partitioning.enable = true
	partitioner.availability.timeout.ms = 0
	partitioner.class = null
	partitioner.ignore.keys = false
	receive.buffer.bytes = 32768
	reconnect.backoff.max.ms = 1000
	reconnect.backoff.ms = 50
	request.timeout.ms = 30000
	retries = 3
	retry.backoff.max.ms = 1000
	retry.backoff.ms = 100
	sasl.client.callback.handler.class = null
	sasl.jaas.config = null
	sasl.kerberos.kinit.cmd = /usr/bin/kinit
	sasl.kerberos.min.time.before.relogin = 60000
	sasl.kerberos.service.name = null
	sasl.kerberos.ticket.renew.jitter = 0.05
	sasl.kerberos.ticket.renew.window.factor = 0.8
	sasl.login.callback.handler.class = null
	sasl.login.class = null
	sasl.login.connect.timeout.ms = null
	sasl.login.read.timeout.ms = null
	sasl.login.refresh.buffer.seconds = 300
	sasl.login.refresh.min.period.seconds = 60
	sasl.login.refresh.window.factor = 0.8
	sasl.login.refresh.window.jitter = 0.05
	sasl.login.retry.backoff.max.ms = 10000
	sasl.login.retry.backoff.ms = 100
	sasl.mechanism = GSSAPI
	sasl.oauthbearer.clock.skew.seconds = 30
	sasl.oauthbearer.expected.audience = null
	sasl.oauthbearer.expected.issuer = null
	sasl.oauthbearer.header.urlencode = false
	sasl.oauthbearer.jwks.endpoint.refresh.ms = 3600000
	sasl.oauthbearer.jwks.endpoint.retry.backoff.max.ms = 10000
	sasl.oauthbearer.jwks.endpoint.retry.backoff.ms = 100
	sasl.oauthbearer.jwks.endpoint.url = null
	sasl.oauthbearer.scope.claim.name = scope
	sasl.oauthbearer.sub.claim.name = sub
	sasl.oauthbearer.token.endpoint.url = null
	security.protocol = PLAINTEXT
	security.providers = null
	send.buffer.bytes = 131072
	socket.connection.setup.timeout.max.ms = 30000
	socket.connection.setup.timeout.ms = 10000
	ssl.cipher.suites = null
	ssl.enabled.protocols = [TLSv1.2, TLSv1.3]
	ssl.endpoint.identification.algorithm = https
	ssl.engine.factory.class = null
	ssl.key.password = null
	ssl.keymanager.algorithm = SunX509
	ssl.keystore.certificate.chain = null
	ssl.keystore.key = null
	ssl.keystore.location = null
	ssl.keystore.password = null
	ssl.keystore.type = JKS
	ssl.protocol = TLSv1.3
	ssl.provider = null
	ssl.secure.random.implementation = null
	ssl.trustmanager.algorithm = PKIX
	ssl.truststore.certificates = null
	ssl.truststore.location = null
	ssl.truststore.password = null
	ssl.truststore.type = JKS
	transaction.timeout.ms = 60000
	transactional.id = null
	value.serializer = class org.apache.kafka.common.serialization.StringSerializer

2026-04-17T22:45:11.330-05:00 INFO  [reactor-tcp-nio-1] [/] o.a.k.c.t.i.KafkaMetricsCollector - initializing Kafka metrics collector
2026-04-17T22:45:11.440-05:00 INFO  [reactor-tcp-nio-1] [/] o.a.k.clients.producer.KafkaProducer - [Producer clientId=catalog-service-local-1] Instantiated an idempotent producer.
2026-04-17T22:45:11.473-05:00 INFO  [reactor-tcp-nio-1] [/] o.a.kafka.common.utils.AppInfoParser - Kafka version: 3.9.1
2026-04-17T22:45:11.473-05:00 INFO  [reactor-tcp-nio-1] [/] o.a.kafka.common.utils.AppInfoParser - Kafka commitId: f745dfdcee2b9851
2026-04-17T22:45:11.473-05:00 INFO  [reactor-tcp-nio-1] [/] o.a.kafka.common.utils.AppInfoParser - Kafka startTimeMs: 1776483911472
2026-04-17T22:45:11.800-05:00 INFO  [kafka-producer-network-thread | catalog-service-local-1] [/] org.apache.kafka.clients.Metadata - [Producer clientId=catalog-service-local-1] Cluster ID: MkU3OEVBNTcwNTJENDM2Qk
2026-04-17T22:45:11.805-05:00 INFO  [kafka-producer-network-thread | catalog-service-local-1] [/] o.a.k.c.p.i.TransactionManager - [Producer clientId=catalog-service-local-1] ProducerId set to 1 with epoch 0
