
  .   ____          _            __ _ _
 /\\ / ___'_ __ _ _(_)_ __  __ _ \ \ \ \
( ( )\___ | '_ | '_| | '_ \/ _` | \ \ \ \
 \\/  ___)| |_)| | | | | || (_| |  ) ) ) )
  '  |____| .__|_| |_|_| |_\__, | / / / /
 =========|_|==============|___/=/_/_/_/

[32m :: Spring Boot :: [39m              [2m (v3.5.4)[0;39m

2026-04-17T22:44:49.913-05:00 INFO  [main] [/] c.a.d.DirectoryServiceApplication - Starting DirectoryServiceApplication using Java 21.0.10 with PID 33818 (/Users/jose/Development/Java/arkab2b/directory-service/build/classes/java/main started by jose in /Users/jose/Development/Java/arkab2b/directory-service)
2026-04-17T22:44:49.918-05:00 INFO  [main] [/] c.a.d.DirectoryServiceApplication - The following 1 profile is active: "local"
2026-04-17T22:44:52.633-05:00 INFO  [main] [/] o.s.d.r.c.RepositoryConfigurationDelegate - Multiple Spring Data modules found, entering strict repository configuration mode
2026-04-17T22:44:52.637-05:00 INFO  [main] [/] o.s.d.r.c.RepositoryConfigurationDelegate - Bootstrapping Spring Data R2DBC repositories in DEFAULT mode.
2026-04-17T22:44:53.057-05:00 INFO  [main] [/] o.s.d.r.c.RepositoryConfigurationDelegate - Finished Spring Data repository scanning in 403 ms. Found 9 R2DBC repository interfaces.
2026-04-17T22:44:53.104-05:00 INFO  [main] [/] o.s.d.r.c.RepositoryConfigurationDelegate - Multiple Spring Data modules found, entering strict repository configuration mode
2026-04-17T22:44:53.111-05:00 INFO  [main] [/] o.s.d.r.c.RepositoryConfigurationDelegate - Bootstrapping Spring Data Redis repositories in DEFAULT mode.
2026-04-17T22:44:53.205-05:00 INFO  [main] [/] o.s.d.r.c.RepositoryConfigurationExtensionSupport - Spring Data Redis - Could not safely identify store assignment for repository candidate interface com.arka.directory.infrastructure.adapter.out.persistence.repository.ReactiveAddressRepository; If you want this repository to be a Redis repository, consider annotating your entities with one of these annotations: org.springframework.data.redis.core.RedisHash (preferred), or consider extending one of the following types with your repository: org.springframework.data.keyvalue.repository.KeyValueRepository
2026-04-17T22:44:53.205-05:00 INFO  [main] [/] o.s.d.r.c.RepositoryConfigurationExtensionSupport - Spring Data Redis - Could not safely identify store assignment for repository candidate interface com.arka.directory.infrastructure.adapter.out.persistence.repository.ReactiveDirectoryAuditRepository; If you want this repository to be a Redis repository, consider annotating your entities with one of these annotations: org.springframework.data.redis.core.RedisHash (preferred), or consider extending one of the following types with your repository: org.springframework.data.keyvalue.repository.KeyValueRepository
2026-04-17T22:44:53.206-05:00 INFO  [main] [/] o.s.d.r.c.RepositoryConfigurationExtensionSupport - Spring Data Redis - Could not safely identify store assignment for repository candidate interface com.arka.directory.infrastructure.adapter.out.persistence.repository.ReactiveOrganizationContactRepository; If you want this repository to be a Redis repository, consider annotating your entities with one of these annotations: org.springframework.data.redis.core.RedisHash (preferred), or consider extending one of the following types with your repository: org.springframework.data.keyvalue.repository.KeyValueRepository
2026-04-17T22:44:53.206-05:00 INFO  [main] [/] o.s.d.r.c.RepositoryConfigurationExtensionSupport - Spring Data Redis - Could not safely identify store assignment for repository candidate interface com.arka.directory.infrastructure.adapter.out.persistence.repository.ReactiveOrganizationCountryPolicyRepository; If you want this repository to be a Redis repository, consider annotating your entities with one of these annotations: org.springframework.data.redis.core.RedisHash (preferred), or consider extending one of the following types with your repository: org.springframework.data.keyvalue.repository.KeyValueRepository
2026-04-17T22:44:53.206-05:00 INFO  [main] [/] o.s.d.r.c.RepositoryConfigurationExtensionSupport - Spring Data Redis - Could not safely identify store assignment for repository candidate interface com.arka.directory.infrastructure.adapter.out.persistence.repository.ReactiveOrganizationLegalProfileRepository; If you want this repository to be a Redis repository, consider annotating your entities with one of these annotations: org.springframework.data.redis.core.RedisHash (preferred), or consider extending one of the following types with your repository: org.springframework.data.keyvalue.repository.KeyValueRepository
2026-04-17T22:44:53.206-05:00 INFO  [main] [/] o.s.d.r.c.RepositoryConfigurationExtensionSupport - Spring Data Redis - Could not safely identify store assignment for repository candidate interface com.arka.directory.infrastructure.adapter.out.persistence.repository.ReactiveOrganizationRepository; If you want this repository to be a Redis repository, consider annotating your entities with one of these annotations: org.springframework.data.redis.core.RedisHash (preferred), or consider extending one of the following types with your repository: org.springframework.data.keyvalue.repository.KeyValueRepository
2026-04-17T22:44:53.206-05:00 INFO  [main] [/] o.s.d.r.c.RepositoryConfigurationExtensionSupport - Spring Data Redis - Could not safely identify store assignment for repository candidate interface com.arka.directory.infrastructure.adapter.out.persistence.repository.ReactiveOrganizationUserProfileRepository; If you want this repository to be a Redis repository, consider annotating your entities with one of these annotations: org.springframework.data.redis.core.RedisHash (preferred), or consider extending one of the following types with your repository: org.springframework.data.keyvalue.repository.KeyValueRepository
2026-04-17T22:44:53.207-05:00 INFO  [main] [/] o.s.d.r.c.RepositoryConfigurationExtensionSupport - Spring Data Redis - Could not safely identify store assignment for repository candidate interface com.arka.directory.infrastructure.adapter.out.persistence.repository.ReactiveOutboxEventRepository; If you want this repository to be a Redis repository, consider annotating your entities with one of these annotations: org.springframework.data.redis.core.RedisHash (preferred), or consider extending one of the following types with your repository: org.springframework.data.keyvalue.repository.KeyValueRepository
2026-04-17T22:44:53.207-05:00 INFO  [main] [/] o.s.d.r.c.RepositoryConfigurationExtensionSupport - Spring Data Redis - Could not safely identify store assignment for repository candidate interface com.arka.directory.infrastructure.adapter.out.persistence.repository.ReactiveProcessedEventRepository; If you want this repository to be a Redis repository, consider annotating your entities with one of these annotations: org.springframework.data.redis.core.RedisHash (preferred), or consider extending one of the following types with your repository: org.springframework.data.keyvalue.repository.KeyValueRepository
2026-04-17T22:44:53.209-05:00 INFO  [main] [/] o.s.d.r.c.RepositoryConfigurationDelegate - Finished Spring Data repository scanning in 35 ms. Found 0 Redis repository interfaces.
2026-04-17T22:45:00.490-05:00 ERROR [main] [/] i.n.r.d.DnsServerAddressStreamProviders - Unable to load io.netty.resolver.dns.macos.MacOSDnsServerAddressStreamProvider, fallback to system defaults. This may result in incorrect DNS resolutions on MacOS. Check whether you have a dependency on 'io.netty:netty-resolver-dns-native-macos'. Use DEBUG level to see the full stack: java.lang.UnsatisfiedLinkError: failed to load the required native library
2026-04-17T22:45:01.017-05:00 INFO  [main] [/] o.s.b.a.e.web.EndpointLinksResolver - Exposing 3 endpoints beneath base path '/actuator'
2026-04-17T22:45:02.596-05:00 INFO  [main] [/] o.s.b.w.e.netty.NettyWebServer - Netty started on port 8082 (http)
2026-04-17T22:45:02.645-05:00 INFO  [main] [/] c.a.d.DirectoryServiceApplication - Started DirectoryServiceApplication in 13.883 seconds (process running for 14.459)
