
  .   ____          _            __ _ _
 /\\ / ___'_ __ _ _(_)_ __  __ _ \ \ \ \
( ( )\___ | '_ | '_| | '_ \/ _` | \ \ \ \
 \\/  ___)| |_)| | | | | || (_| |  ) ) ) )
  '  |____| .__|_| |_|_| |_\__, | / / / /
 =========|_|==============|___/=/_/_/_/

[32m :: Spring Boot :: [39m              [2m (v3.5.4)[0;39m

2026-04-17T22:44:50.100-05:00 INFO  [main] [/] c.a.n.NotificationServiceApplication - Starting NotificationServiceApplication using Java 21.0.10 with PID 33819 (/Users/jose/Development/Java/arkab2b/notification-service/build/classes/java/main started by jose in /Users/jose/Development/Java/arkab2b/notification-service)
2026-04-17T22:44:50.103-05:00 INFO  [main] [/] c.a.n.NotificationServiceApplication - The following 1 profile is active: "local"
2026-04-17T22:44:52.861-05:00 INFO  [main] [/] o.s.d.r.c.RepositoryConfigurationDelegate - Multiple Spring Data modules found, entering strict repository configuration mode
2026-04-17T22:44:52.865-05:00 INFO  [main] [/] o.s.d.r.c.RepositoryConfigurationDelegate - Bootstrapping Spring Data R2DBC repositories in DEFAULT mode.
2026-04-17T22:44:53.450-05:00 INFO  [main] [/] o.s.d.r.c.RepositoryConfigurationDelegate - Finished Spring Data repository scanning in 570 ms. Found 8 R2DBC repository interfaces.
2026-04-17T22:44:53.484-05:00 INFO  [main] [/] o.s.d.r.c.RepositoryConfigurationDelegate - Multiple Spring Data modules found, entering strict repository configuration mode
2026-04-17T22:44:53.485-05:00 INFO  [main] [/] o.s.d.r.c.RepositoryConfigurationDelegate - Bootstrapping Spring Data Redis repositories in DEFAULT mode.
2026-04-17T22:44:53.516-05:00 INFO  [main] [/] o.s.d.r.c.RepositoryConfigurationExtensionSupport - Spring Data Redis - Could not safely identify store assignment for repository candidate interface com.arka.notification.infrastructure.adapter.out.persistence.repository.ReactiveChannelPolicyRepository; If you want this repository to be a Redis repository, consider annotating your entities with one of these annotations: org.springframework.data.redis.core.RedisHash (preferred), or consider extending one of the following types with your repository: org.springframework.data.keyvalue.repository.KeyValueRepository
2026-04-17T22:44:53.516-05:00 INFO  [main] [/] o.s.d.r.c.RepositoryConfigurationExtensionSupport - Spring Data Redis - Could not safely identify store assignment for repository candidate interface com.arka.notification.infrastructure.adapter.out.persistence.repository.ReactiveNotificationAttemptRepository; If you want this repository to be a Redis repository, consider annotating your entities with one of these annotations: org.springframework.data.redis.core.RedisHash (preferred), or consider extending one of the following types with your repository: org.springframework.data.keyvalue.repository.KeyValueRepository
2026-04-17T22:44:53.517-05:00 INFO  [main] [/] o.s.d.r.c.RepositoryConfigurationExtensionSupport - Spring Data Redis - Could not safely identify store assignment for repository candidate interface com.arka.notification.infrastructure.adapter.out.persistence.repository.ReactiveNotificationAuditRepository; If you want this repository to be a Redis repository, consider annotating your entities with one of these annotations: org.springframework.data.redis.core.RedisHash (preferred), or consider extending one of the following types with your repository: org.springframework.data.keyvalue.repository.KeyValueRepository
2026-04-17T22:44:53.517-05:00 INFO  [main] [/] o.s.d.r.c.RepositoryConfigurationExtensionSupport - Spring Data Redis - Could not safely identify store assignment for repository candidate interface com.arka.notification.infrastructure.adapter.out.persistence.repository.ReactiveNotificationRequestRepository; If you want this repository to be a Redis repository, consider annotating your entities with one of these annotations: org.springframework.data.redis.core.RedisHash (preferred), or consider extending one of the following types with your repository: org.springframework.data.keyvalue.repository.KeyValueRepository
2026-04-17T22:44:53.517-05:00 INFO  [main] [/] o.s.d.r.c.RepositoryConfigurationExtensionSupport - Spring Data Redis - Could not safely identify store assignment for repository candidate interface com.arka.notification.infrastructure.adapter.out.persistence.repository.ReactiveNotificationTemplateRepository; If you want this repository to be a Redis repository, consider annotating your entities with one of these annotations: org.springframework.data.redis.core.RedisHash (preferred), or consider extending one of the following types with your repository: org.springframework.data.keyvalue.repository.KeyValueRepository
2026-04-17T22:44:53.517-05:00 INFO  [main] [/] o.s.d.r.c.RepositoryConfigurationExtensionSupport - Spring Data Redis - Could not safely identify store assignment for repository candidate interface com.arka.notification.infrastructure.adapter.out.persistence.repository.ReactiveOutboxEventRepository; If you want this repository to be a Redis repository, consider annotating your entities with one of these annotations: org.springframework.data.redis.core.RedisHash (preferred), or consider extending one of the following types with your repository: org.springframework.data.keyvalue.repository.KeyValueRepository
2026-04-17T22:44:53.517-05:00 INFO  [main] [/] o.s.d.r.c.RepositoryConfigurationExtensionSupport - Spring Data Redis - Could not safely identify store assignment for repository candidate interface com.arka.notification.infrastructure.adapter.out.persistence.repository.ReactiveProcessedEventRepository; If you want this repository to be a Redis repository, consider annotating your entities with one of these annotations: org.springframework.data.redis.core.RedisHash (preferred), or consider extending one of the following types with your repository: org.springframework.data.keyvalue.repository.KeyValueRepository
2026-04-17T22:44:53.517-05:00 INFO  [main] [/] o.s.d.r.c.RepositoryConfigurationExtensionSupport - Spring Data Redis - Could not safely identify store assignment for repository candidate interface com.arka.notification.infrastructure.adapter.out.persistence.repository.ReactiveProviderCallbackRepository; If you want this repository to be a Redis repository, consider annotating your entities with one of these annotations: org.springframework.data.redis.core.RedisHash (preferred), or consider extending one of the following types with your repository: org.springframework.data.keyvalue.repository.KeyValueRepository
2026-04-17T22:44:53.517-05:00 INFO  [main] [/] o.s.d.r.c.RepositoryConfigurationDelegate - Finished Spring Data repository scanning in 12 ms. Found 0 Redis repository interfaces.
2026-04-17T22:45:00.546-05:00 ERROR [main] [/] i.n.r.d.DnsServerAddressStreamProviders - Unable to load io.netty.resolver.dns.macos.MacOSDnsServerAddressStreamProvider, fallback to system defaults. This may result in incorrect DNS resolutions on MacOS. Check whether you have a dependency on 'io.netty:netty-resolver-dns-native-macos'. Use DEBUG level to see the full stack: java.lang.UnsatisfiedLinkError: failed to load the required native library
2026-04-17T22:45:01.113-05:00 INFO  [main] [/] o.s.b.a.e.web.EndpointLinksResolver - Exposing 3 endpoints beneath base path '/actuator'
2026-04-17T22:45:02.593-05:00 INFO  [main] [/] o.s.b.w.e.netty.NettyWebServer - Netty started on port 8086 (http)
2026-04-17T22:45:02.695-05:00 INFO  [main] [/] o.a.k.c.consumer.ConsumerConfig - ConsumerConfig values: 
	allow.auto.create.topics = true
	auto.commit.interval.ms = 5000
	auto.include.jmx.reporter = true
	auto.offset.reset = latest
	bootstrap.servers = [localhost:59092]
	check.crcs = true
	client.dns.lookup = use_all_dns_ips
	client.id = notification-service-local-0
	client.rack = 
	connections.max.idle.ms = 540000
	default.api.timeout.ms = 60000
	enable.auto.commit = false
	enable.metrics.push = true
	exclude.internal.topics = true
	fetch.max.bytes = 52428800
	fetch.max.wait.ms = 500
	fetch.min.bytes = 1
	group.id = notification-order-events-consumer
	group.instance.id = null
	group.protocol = classic
	group.remote.assignor = null
	heartbeat.interval.ms = 3000
	interceptor.classes = []
	internal.leave.group.on.close = true
	internal.throw.on.fetch.stable.offset.unsupported = false
	isolation.level = read_uncommitted
	key.deserializer = class org.apache.kafka.common.serialization.StringDeserializer
	max.partition.fetch.bytes = 1048576
	max.poll.interval.ms = 300000
	max.poll.records = 500
	metadata.max.age.ms = 300000
	metadata.recovery.strategy = none
	metric.reporters = []
	metrics.num.samples = 2
	metrics.recording.level = INFO
	metrics.sample.window.ms = 30000
	partition.assignment.strategy = [class org.apache.kafka.clients.consumer.RangeAssignor, class org.apache.kafka.clients.consumer.CooperativeStickyAssignor]
	receive.buffer.bytes = 65536
	reconnect.backoff.max.ms = 1000
	reconnect.backoff.ms = 50
	request.timeout.ms = 30000
	retry.backoff.max.ms = 1000
	retry.backoff.ms = 100
	sasl.client.callback.handler.class = null
	sasl.jaas.config = null
	sasl.kerberos.kinit.cmd = /usr/bin/kinit
	sasl.kerberos.min.time.before.relogin = 60000
	sasl.kerberos.service.name = null
	sasl.kerberos.ticket.renew.jitter = 0.05
	sasl.kerberos.ticket.renew.window.factor = 0.8
	sasl.login.callback.handler.class = null
	sasl.login.class = null
	sasl.login.connect.timeout.ms = null
	sasl.login.read.timeout.ms = null
	sasl.login.refresh.buffer.seconds = 300
	sasl.login.refresh.min.period.seconds = 60
	sasl.login.refresh.window.factor = 0.8
	sasl.login.refresh.window.jitter = 0.05
	sasl.login.retry.backoff.max.ms = 10000
	sasl.login.retry.backoff.ms = 100
	sasl.mechanism = GSSAPI
	sasl.oauthbearer.clock.skew.seconds = 30
	sasl.oauthbearer.expected.audience = null
	sasl.oauthbearer.expected.issuer = null
	sasl.oauthbearer.header.urlencode = false
	sasl.oauthbearer.jwks.endpoint.refresh.ms = 3600000
	sasl.oauthbearer.jwks.endpoint.retry.backoff.max.ms = 10000
	sasl.oauthbearer.jwks.endpoint.retry.backoff.ms = 100
	sasl.oauthbearer.jwks.endpoint.url = null
	sasl.oauthbearer.scope.claim.name = scope
	sasl.oauthbearer.sub.claim.name = sub
	sasl.oauthbearer.token.endpoint.url = null
	security.protocol = PLAINTEXT
	security.providers = null
	send.buffer.bytes = 131072
	session.timeout.ms = 45000
	socket.connection.setup.timeout.max.ms = 30000
	socket.connection.setup.timeout.ms = 10000
	ssl.cipher.suites = null
	ssl.enabled.protocols = [TLSv1.2, TLSv1.3]
	ssl.endpoint.identification.algorithm = https
	ssl.engine.factory.class = null
	ssl.key.password = null
	ssl.keymanager.algorithm = SunX509
	ssl.keystore.certificate.chain = null
	ssl.keystore.key = null
	ssl.keystore.location = null
	ssl.keystore.password = null
	ssl.keystore.type = JKS
	ssl.protocol = TLSv1.3
	ssl.provider = null
	ssl.secure.random.implementation = null
	ssl.trustmanager.algorithm = PKIX
	ssl.truststore.certificates = null
	ssl.truststore.location = null
	ssl.truststore.password = null
	ssl.truststore.type = JKS
	value.deserializer = class org.apache.kafka.common.serialization.StringDeserializer

2026-04-17T22:45:02.866-05:00 INFO  [main] [/] o.a.k.c.t.i.KafkaMetricsCollector - initializing Kafka metrics collector
2026-04-17T22:45:03.180-05:00 INFO  [main] [/] o.a.kafka.common.utils.AppInfoParser - Kafka version: 3.9.1
2026-04-17T22:45:03.181-05:00 INFO  [main] [/] o.a.kafka.common.utils.AppInfoParser - Kafka commitId: f745dfdcee2b9851
2026-04-17T22:45:03.181-05:00 INFO  [main] [/] o.a.kafka.common.utils.AppInfoParser - Kafka startTimeMs: 1776483903177
2026-04-17T22:45:03.187-05:00 INFO  [main] [/] o.a.k.c.c.i.ClassicKafkaConsumer - [Consumer clientId=notification-service-local-0, groupId=notification-order-events-consumer] Subscribed to topic(s): order.events.v1, order.cart.events.v1, inventory.stock-updated.v1, inventory.commitable-availability-recalculated.v1, inventory.mutation.v1
2026-04-17T22:45:03.219-05:00 INFO  [main] [/] c.a.n.NotificationServiceApplication - Started NotificationServiceApplication in 14.295 seconds (process running for 14.825)
2026-04-17T22:45:03.698-05:00 INFO  [notification-order-events-consumer-0-C-1] [/] org.apache.kafka.clients.Metadata - [Consumer clientId=notification-service-local-0, groupId=notification-order-events-consumer] Cluster ID: MkU3OEVBNTcwNTJENDM2Qk
2026-04-17T22:45:04.235-05:00 INFO  [notification-order-events-consumer-0-C-1] [/] o.a.k.c.c.i.ConsumerCoordinator - [Consumer clientId=notification-service-local-0, groupId=notification-order-events-consumer] Discovered group coordinator localhost:59092 (id: 2147483646 rack: null)
2026-04-17T22:45:04.245-05:00 INFO  [notification-order-events-consumer-0-C-1] [/] o.a.k.c.c.i.ConsumerCoordinator - [Consumer clientId=notification-service-local-0, groupId=notification-order-events-consumer] (Re-)joining group
2026-04-17T22:45:04.347-05:00 INFO  [notification-order-events-consumer-0-C-1] [/] o.a.k.c.c.i.ConsumerCoordinator - [Consumer clientId=notification-service-local-0, groupId=notification-order-events-consumer] Group coordinator localhost:59092 (id: 2147483646 rack: null) is unavailable or invalid due to cause: error response NOT_COORDINATOR. isDisconnected: false. Rediscovery will be attempted.
2026-04-17T22:45:04.347-05:00 INFO  [notification-order-events-consumer-0-C-1] [/] o.a.k.c.c.i.ConsumerCoordinator - [Consumer clientId=notification-service-local-0, groupId=notification-order-events-consumer] Requesting disconnect from last known coordinator localhost:59092 (id: 2147483646 rack: null)
2026-04-17T22:45:04.347-05:00 INFO  [notification-order-events-consumer-0-C-1] [/] o.a.k.c.c.i.ConsumerCoordinator - [Consumer clientId=notification-service-local-0, groupId=notification-order-events-consumer] JoinGroup failed: This is not the correct coordinator. Marking coordinator unknown. Sent generation was Generation{generationId=-1, memberId='', protocol='null'}
2026-04-17T22:45:04.348-05:00 INFO  [notification-order-events-consumer-0-C-1] [/] o.apache.kafka.clients.NetworkClient - [Consumer clientId=notification-service-local-0, groupId=notification-order-events-consumer] Client requested disconnect from node 2147483646
2026-04-17T22:45:04.353-05:00 INFO  [notification-order-events-consumer-0-C-1] [/] o.a.k.c.c.i.ConsumerCoordinator - [Consumer clientId=notification-service-local-0, groupId=notification-order-events-consumer] Discovered group coordinator localhost:59092 (id: 2147483646 rack: null)
2026-04-17T22:45:04.353-05:00 INFO  [notification-order-events-consumer-0-C-1] [/] o.a.k.c.c.i.ConsumerCoordinator - [Consumer clientId=notification-service-local-0, groupId=notification-order-events-consumer] Group coordinator localhost:59092 (id: 2147483646 rack: null) is unavailable or invalid due to cause: coordinator unavailable. isDisconnected: false. Rediscovery will be attempted.
2026-04-17T22:45:04.353-05:00 INFO  [notification-order-events-consumer-0-C-1] [/] o.a.k.c.c.i.ConsumerCoordinator - [Consumer clientId=notification-service-local-0, groupId=notification-order-events-consumer] Requesting disconnect from last known coordinator localhost:59092 (id: 2147483646 rack: null)
2026-04-17T22:45:04.474-05:00 INFO  [notification-order-events-consumer-0-C-1] [/] o.a.k.c.c.i.ConsumerCoordinator - [Consumer clientId=notification-service-local-0, groupId=notification-order-events-consumer] Discovered group coordinator localhost:59092 (id: 2147483646 rack: null)
2026-04-17T22:45:04.475-05:00 INFO  [notification-order-events-consumer-0-C-1] [/] o.a.k.c.c.i.ConsumerCoordinator - [Consumer clientId=notification-service-local-0, groupId=notification-order-events-consumer] Request joining group due to: rebalance failed due to 'This is not the correct coordinator.' (NotCoordinatorException)
2026-04-17T22:45:04.476-05:00 INFO  [notification-order-events-consumer-0-C-1] [/] o.a.k.c.c.i.ConsumerCoordinator - [Consumer clientId=notification-service-local-0, groupId=notification-order-events-consumer] (Re-)joining group
2026-04-17T22:45:04.489-05:00 INFO  [notification-order-events-consumer-0-C-1] [/] o.a.k.c.c.i.ConsumerCoordinator - [Consumer clientId=notification-service-local-0, groupId=notification-order-events-consumer] Group coordinator localhost:59092 (id: 2147483646 rack: null) is unavailable or invalid due to cause: error response NOT_COORDINATOR. isDisconnected: false. Rediscovery will be attempted.
2026-04-17T22:45:04.489-05:00 INFO  [notification-order-events-consumer-0-C-1] [/] o.a.k.c.c.i.ConsumerCoordinator - [Consumer clientId=notification-service-local-0, groupId=notification-order-events-consumer] Requesting disconnect from last known coordinator localhost:59092 (id: 2147483646 rack: null)
2026-04-17T22:45:04.489-05:00 INFO  [notification-order-events-consumer-0-C-1] [/] o.a.k.c.c.i.ConsumerCoordinator - [Consumer clientId=notification-service-local-0, groupId=notification-order-events-consumer] JoinGroup failed: This is not the correct coordinator. Marking coordinator unknown. Sent generation was Generation{generationId=-1, memberId='', protocol='null'}
2026-04-17T22:45:04.489-05:00 INFO  [notification-order-events-consumer-0-C-1] [/] o.apache.kafka.clients.NetworkClient - [Consumer clientId=notification-service-local-0, groupId=notification-order-events-consumer] Client requested disconnect from node 2147483646
2026-04-17T22:45:04.493-05:00 INFO  [notification-order-events-consumer-0-C-1] [/] o.a.k.c.c.i.ConsumerCoordinator - [Consumer clientId=notification-service-local-0, groupId=notification-order-events-consumer] Discovered group coordinator localhost:59092 (id: 2147483646 rack: null)
2026-04-17T22:45:04.493-05:00 INFO  [notification-order-events-consumer-0-C-1] [/] o.a.k.c.c.i.ConsumerCoordinator - [Consumer clientId=notification-service-local-0, groupId=notification-order-events-consumer] Group coordinator localhost:59092 (id: 2147483646 rack: null) is unavailable or invalid due to cause: coordinator unavailable. isDisconnected: false. Rediscovery will be attempted.
2026-04-17T22:45:04.493-05:00 INFO  [notification-order-events-consumer-0-C-1] [/] o.a.k.c.c.i.ConsumerCoordinator - [Consumer clientId=notification-service-local-0, groupId=notification-order-events-consumer] Requesting disconnect from last known coordinator localhost:59092 (id: 2147483646 rack: null)
2026-04-17T22:45:04.605-05:00 INFO  [notification-order-events-consumer-0-C-1] [/] o.a.k.c.c.i.ConsumerCoordinator - [Consumer clientId=notification-service-local-0, groupId=notification-order-events-consumer] Discovered group coordinator localhost:59092 (id: 2147483646 rack: null)
2026-04-17T22:45:04.605-05:00 INFO  [notification-order-events-consumer-0-C-1] [/] o.a.k.c.c.i.ConsumerCoordinator - [Consumer clientId=notification-service-local-0, groupId=notification-order-events-consumer] Request joining group due to: rebalance failed due to 'This is not the correct coordinator.' (NotCoordinatorException)
2026-04-17T22:45:04.605-05:00 INFO  [notification-order-events-consumer-0-C-1] [/] o.a.k.c.c.i.ConsumerCoordinator - [Consumer clientId=notification-service-local-0, groupId=notification-order-events-consumer] (Re-)joining group
2026-04-17T22:45:04.611-05:00 INFO  [notification-order-events-consumer-0-C-1] [/] o.a.k.c.c.i.ConsumerCoordinator - [Consumer clientId=notification-service-local-0, groupId=notification-order-events-consumer] Group coordinator localhost:59092 (id: 2147483646 rack: null) is unavailable or invalid due to cause: error response NOT_COORDINATOR. isDisconnected: false. Rediscovery will be attempted.
2026-04-17T22:45:04.611-05:00 INFO  [notification-order-events-consumer-0-C-1] [/] o.a.k.c.c.i.ConsumerCoordinator - [Consumer clientId=notification-service-local-0, groupId=notification-order-events-consumer] Requesting disconnect from last known coordinator localhost:59092 (id: 2147483646 rack: null)
2026-04-17T22:45:04.611-05:00 INFO  [notification-order-events-consumer-0-C-1] [/] o.a.k.c.c.i.ConsumerCoordinator - [Consumer clientId=notification-service-local-0, groupId=notification-order-events-consumer] JoinGroup failed: This is not the correct coordinator. Marking coordinator unknown. Sent generation was Generation{generationId=-1, memberId='', protocol='null'}
2026-04-17T22:45:04.611-05:00 INFO  [notification-order-events-consumer-0-C-1] [/] o.apache.kafka.clients.NetworkClient - [Consumer clientId=notification-service-local-0, groupId=notification-order-events-consumer] Client requested disconnect from node 2147483646
2026-04-17T22:45:04.619-05:00 INFO  [notification-order-events-consumer-0-C-1] [/] o.a.k.c.c.i.ConsumerCoordinator - [Consumer clientId=notification-service-local-0, groupId=notification-order-events-consumer] Discovered group coordinator localhost:59092 (id: 2147483646 rack: null)
2026-04-17T22:45:04.619-05:00 INFO  [notification-order-events-consumer-0-C-1] [/] o.a.k.c.c.i.ConsumerCoordinator - [Consumer clientId=notification-service-local-0, groupId=notification-order-events-consumer] Group coordinator localhost:59092 (id: 2147483646 rack: null) is unavailable or invalid due to cause: coordinator unavailable. isDisconnected: false. Rediscovery will be attempted.
2026-04-17T22:45:04.620-05:00 INFO  [notification-order-events-consumer-0-C-1] [/] o.a.k.c.c.i.ConsumerCoordinator - [Consumer clientId=notification-service-local-0, groupId=notification-order-events-consumer] Requesting disconnect from last known coordinator localhost:59092 (id: 2147483646 rack: null)
2026-04-17T22:45:04.731-05:00 INFO  [notification-order-events-consumer-0-C-1] [/] o.a.k.c.c.i.ConsumerCoordinator - [Consumer clientId=notification-service-local-0, groupId=notification-order-events-consumer] Discovered group coordinator localhost:59092 (id: 2147483646 rack: null)
2026-04-17T22:45:04.732-05:00 INFO  [notification-order-events-consumer-0-C-1] [/] o.a.k.c.c.i.ConsumerCoordinator - [Consumer clientId=notification-service-local-0, groupId=notification-order-events-consumer] Request joining group due to: rebalance failed due to 'This is not the correct coordinator.' (NotCoordinatorException)
2026-04-17T22:45:04.732-05:00 INFO  [notification-order-events-consumer-0-C-1] [/] o.a.k.c.c.i.ConsumerCoordinator - [Consumer clientId=notification-service-local-0, groupId=notification-order-events-consumer] (Re-)joining group
2026-04-17T22:45:04.737-05:00 INFO  [notification-order-events-consumer-0-C-1] [/] o.a.k.c.c.i.ConsumerCoordinator - [Consumer clientId=notification-service-local-0, groupId=notification-order-events-consumer] Group coordinator localhost:59092 (id: 2147483646 rack: null) is unavailable or invalid due to cause: error response NOT_COORDINATOR. isDisconnected: false. Rediscovery will be attempted.
2026-04-17T22:45:04.737-05:00 INFO  [notification-order-events-consumer-0-C-1] [/] o.a.k.c.c.i.ConsumerCoordinator - [Consumer clientId=notification-service-local-0, groupId=notification-order-events-consumer] Requesting disconnect from last known coordinator localhost:59092 (id: 2147483646 rack: null)
2026-04-17T22:45:04.737-05:00 INFO  [notification-order-events-consumer-0-C-1] [/] o.a.k.c.c.i.ConsumerCoordinator - [Consumer clientId=notification-service-local-0, groupId=notification-order-events-consumer] JoinGroup failed: This is not the correct coordinator. Marking coordinator unknown. Sent generation was Generation{generationId=-1, memberId='', protocol='null'}
2026-04-17T22:45:04.737-05:00 INFO  [notification-order-events-consumer-0-C-1] [/] o.apache.kafka.clients.NetworkClient - [Consumer clientId=notification-service-local-0, groupId=notification-order-events-consumer] Client requested disconnect from node 2147483646
2026-04-17T22:45:04.740-05:00 INFO  [notification-order-events-consumer-0-C-1] [/] o.a.k.c.c.i.ConsumerCoordinator - [Consumer clientId=notification-service-local-0, groupId=notification-order-events-consumer] Discovered group coordinator localhost:59092 (id: 2147483646 rack: null)
2026-04-17T22:45:04.740-05:00 INFO  [notification-order-events-consumer-0-C-1] [/] o.a.k.c.c.i.ConsumerCoordinator - [Consumer clientId=notification-service-local-0, groupId=notification-order-events-consumer] Group coordinator localhost:59092 (id: 2147483646 rack: null) is unavailable or invalid due to cause: coordinator unavailable. isDisconnected: false. Rediscovery will be attempted.
2026-04-17T22:45:04.740-05:00 INFO  [notification-order-events-consumer-0-C-1] [/] o.a.k.c.c.i.ConsumerCoordinator - [Consumer clientId=notification-service-local-0, groupId=notification-order-events-consumer] Requesting disconnect from last known coordinator localhost:59092 (id: 2147483646 rack: null)
2026-04-17T22:45:04.866-05:00 INFO  [notification-order-events-consumer-0-C-1] [/] o.a.k.c.c.i.ConsumerCoordinator - [Consumer clientId=notification-service-local-0, groupId=notification-order-events-consumer] Discovered group coordinator localhost:59092 (id: 2147483646 rack: null)
2026-04-17T22:45:04.868-05:00 INFO  [notification-order-events-consumer-0-C-1] [/] o.a.k.c.c.i.ConsumerCoordinator - [Consumer clientId=notification-service-local-0, groupId=notification-order-events-consumer] Request joining group due to: rebalance failed due to 'This is not the correct coordinator.' (NotCoordinatorException)
2026-04-17T22:45:04.869-05:00 INFO  [notification-order-events-consumer-0-C-1] [/] o.a.k.c.c.i.ConsumerCoordinator - [Consumer clientId=notification-service-local-0, groupId=notification-order-events-consumer] (Re-)joining group
2026-04-17T22:45:04.872-05:00 INFO  [notification-order-events-consumer-0-C-1] [/] o.a.k.c.c.i.ConsumerCoordinator - [Consumer clientId=notification-service-local-0, groupId=notification-order-events-consumer] Group coordinator localhost:59092 (id: 2147483646 rack: null) is unavailable or invalid due to cause: error response NOT_COORDINATOR. isDisconnected: false. Rediscovery will be attempted.
2026-04-17T22:45:04.873-05:00 INFO  [notification-order-events-consumer-0-C-1] [/] o.a.k.c.c.i.ConsumerCoordinator - [Consumer clientId=notification-service-local-0, groupId=notification-order-events-consumer] Requesting disconnect from last known coordinator localhost:59092 (id: 2147483646 rack: null)
2026-04-17T22:45:04.873-05:00 INFO  [notification-order-events-consumer-0-C-1] [/] o.a.k.c.c.i.ConsumerCoordinator - [Consumer clientId=notification-service-local-0, groupId=notification-order-events-consumer] JoinGroup failed: This is not the correct coordinator. Marking coordinator unknown. Sent generation was Generation{generationId=-1, memberId='', protocol='null'}
2026-04-17T22:45:04.873-05:00 INFO  [notification-order-events-consumer-0-C-1] [/] o.apache.kafka.clients.NetworkClient - [Consumer clientId=notification-service-local-0, groupId=notification-order-events-consumer] Client requested disconnect from node 2147483646
2026-04-17T22:45:04.874-05:00 INFO  [notification-order-events-consumer-0-C-1] [/] o.a.k.c.c.i.ConsumerCoordinator - [Consumer clientId=notification-service-local-0, groupId=notification-order-events-consumer] Discovered group coordinator localhost:59092 (id: 2147483646 rack: null)
2026-04-17T22:45:04.874-05:00 INFO  [notification-order-events-consumer-0-C-1] [/] o.a.k.c.c.i.ConsumerCoordinator - [Consumer clientId=notification-service-local-0, groupId=notification-order-events-consumer] Group coordinator localhost:59092 (id: 2147483646 rack: null) is unavailable or invalid due to cause: coordinator unavailable. isDisconnected: false. Rediscovery will be attempted.
2026-04-17T22:45:04.874-05:00 INFO  [notification-order-events-consumer-0-C-1] [/] o.a.k.c.c.i.ConsumerCoordinator - [Consumer clientId=notification-service-local-0, groupId=notification-order-events-consumer] Requesting disconnect from last known coordinator localhost:59092 (id: 2147483646 rack: null)
2026-04-17T22:45:04.975-05:00 INFO  [notification-order-events-consumer-0-C-1] [/] o.a.k.c.c.i.ConsumerCoordinator - [Consumer clientId=notification-service-local-0, groupId=notification-order-events-consumer] Discovered group coordinator localhost:59092 (id: 2147483646 rack: null)
2026-04-17T22:45:04.976-05:00 INFO  [notification-order-events-consumer-0-C-1] [/] o.a.k.c.c.i.ConsumerCoordinator - [Consumer clientId=notification-service-local-0, groupId=notification-order-events-consumer] Request joining group due to: rebalance failed due to 'This is not the correct coordinator.' (NotCoordinatorException)
2026-04-17T22:45:04.976-05:00 INFO  [notification-order-events-consumer-0-C-1] [/] o.a.k.c.c.i.ConsumerCoordinator - [Consumer clientId=notification-service-local-0, groupId=notification-order-events-consumer] (Re-)joining group
2026-04-17T22:45:04.985-05:00 INFO  [notification-order-events-consumer-0-C-1] [/] o.a.k.c.c.i.ConsumerCoordinator - [Consumer clientId=notification-service-local-0, groupId=notification-order-events-consumer] Group coordinator localhost:59092 (id: 2147483646 rack: null) is unavailable or invalid due to cause: error response NOT_COORDINATOR. isDisconnected: false. Rediscovery will be attempted.
2026-04-17T22:45:04.985-05:00 INFO  [notification-order-events-consumer-0-C-1] [/] o.a.k.c.c.i.ConsumerCoordinator - [Consumer clientId=notification-service-local-0, groupId=notification-order-events-consumer] Requesting disconnect from last known coordinator localhost:59092 (id: 2147483646 rack: null)
2026-04-17T22:45:04.985-05:00 INFO  [notification-order-events-consumer-0-C-1] [/] o.a.k.c.c.i.ConsumerCoordinator - [Consumer clientId=notification-service-local-0, groupId=notification-order-events-consumer] JoinGroup failed: This is not the correct coordinator. Marking coordinator unknown. Sent generation was Generation{generationId=-1, memberId='', protocol='null'}
2026-04-17T22:45:04.985-05:00 INFO  [notification-order-events-consumer-0-C-1] [/] o.apache.kafka.clients.NetworkClient - [Consumer clientId=notification-service-local-0, groupId=notification-order-events-consumer] Client requested disconnect from node 2147483646
2026-04-17T22:45:04.987-05:00 INFO  [notification-order-events-consumer-0-C-1] [/] o.a.k.c.c.i.ConsumerCoordinator - [Consumer clientId=notification-service-local-0, groupId=notification-order-events-consumer] Discovered group coordinator localhost:59092 (id: 2147483646 rack: null)
2026-04-17T22:45:04.987-05:00 INFO  [notification-order-events-consumer-0-C-1] [/] o.a.k.c.c.i.ConsumerCoordinator - [Consumer clientId=notification-service-local-0, groupId=notification-order-events-consumer] Group coordinator localhost:59092 (id: 2147483646 rack: null) is unavailable or invalid due to cause: coordinator unavailable. isDisconnected: false. Rediscovery will be attempted.
2026-04-17T22:45:04.987-05:00 INFO  [notification-order-events-consumer-0-C-1] [/] o.a.k.c.c.i.ConsumerCoordinator - [Consumer clientId=notification-service-local-0, groupId=notification-order-events-consumer] Requesting disconnect from last known coordinator localhost:59092 (id: 2147483646 rack: null)
2026-04-17T22:45:05.090-05:00 INFO  [notification-order-events-consumer-0-C-1] [/] o.a.k.c.c.i.ConsumerCoordinator - [Consumer clientId=notification-service-local-0, groupId=notification-order-events-consumer] Discovered group coordinator localhost:59092 (id: 2147483646 rack: null)
2026-04-17T22:45:05.093-05:00 INFO  [notification-order-events-consumer-0-C-1] [/] o.a.k.c.c.i.ConsumerCoordinator - [Consumer clientId=notification-service-local-0, groupId=notification-order-events-consumer] Request joining group due to: rebalance failed due to 'This is not the correct coordinator.' (NotCoordinatorException)
2026-04-17T22:45:05.093-05:00 INFO  [notification-order-events-consumer-0-C-1] [/] o.a.k.c.c.i.ConsumerCoordinator - [Consumer clientId=notification-service-local-0, groupId=notification-order-events-consumer] (Re-)joining group
2026-04-17T22:45:05.138-05:00 INFO  [notification-order-events-consumer-0-C-1] [/] o.a.k.c.c.i.ConsumerCoordinator - [Consumer clientId=notification-service-local-0, groupId=notification-order-events-consumer] Request joining group due to: need to re-join with the given member-id: notification-service-local-0-51193435-a690-4a97-9a23-a62bc41a3b07
2026-04-17T22:45:05.138-05:00 INFO  [notification-order-events-consumer-0-C-1] [/] o.a.k.c.c.i.ConsumerCoordinator - [Consumer clientId=notification-service-local-0, groupId=notification-order-events-consumer] (Re-)joining group
2026-04-17T22:45:05.163-05:00 INFO  [notification-order-events-consumer-0-C-1] [/] o.a.k.c.c.i.ConsumerCoordinator - [Consumer clientId=notification-service-local-0, groupId=notification-order-events-consumer] Successfully joined group with generation Generation{generationId=1, memberId='notification-service-local-0-51193435-a690-4a97-9a23-a62bc41a3b07', protocol='range'}
2026-04-17T22:45:05.178-05:00 INFO  [notification-order-events-consumer-0-C-1] [/] o.a.k.c.c.i.ConsumerCoordinator - [Consumer clientId=notification-service-local-0, groupId=notification-order-events-consumer] Finished assignment for group at generation 1: {notification-service-local-0-51193435-a690-4a97-9a23-a62bc41a3b07=Assignment(partitions=[inventory.stock-updated.v1-0, inventory.stock-updated.v1-1, inventory.stock-updated.v1-2, order.events.v1-0, order.events.v1-1, order.events.v1-2, inventory.mutation.v1-0, inventory.mutation.v1-1, inventory.mutation.v1-2, order.cart.events.v1-0, order.cart.events.v1-1, order.cart.events.v1-2, inventory.commitable-availability-recalculated.v1-0, inventory.commitable-availability-recalculated.v1-1, inventory.commitable-availability-recalculated.v1-2])}
2026-04-17T22:45:05.230-05:00 INFO  [notification-order-events-consumer-0-C-1] [/] o.a.k.c.c.i.ConsumerCoordinator - [Consumer clientId=notification-service-local-0, groupId=notification-order-events-consumer] Successfully synced group in generation Generation{generationId=1, memberId='notification-service-local-0-51193435-a690-4a97-9a23-a62bc41a3b07', protocol='range'}
2026-04-17T22:45:05.231-05:00 INFO  [notification-order-events-consumer-0-C-1] [/] o.a.k.c.c.i.ConsumerCoordinator - [Consumer clientId=notification-service-local-0, groupId=notification-order-events-consumer] Notifying assignor about the new Assignment(partitions=[inventory.stock-updated.v1-0, inventory.stock-updated.v1-1, inventory.stock-updated.v1-2, order.events.v1-0, order.events.v1-1, order.events.v1-2, inventory.mutation.v1-0, inventory.mutation.v1-1, inventory.mutation.v1-2, order.cart.events.v1-0, order.cart.events.v1-1, order.cart.events.v1-2, inventory.commitable-availability-recalculated.v1-0, inventory.commitable-availability-recalculated.v1-1, inventory.commitable-availability-recalculated.v1-2])
2026-04-17T22:45:05.238-05:00 INFO  [notification-order-events-consumer-0-C-1] [/] o.a.k.c.c.i.ConsumerRebalanceListenerInvoker - [Consumer clientId=notification-service-local-0, groupId=notification-order-events-consumer] Adding newly assigned partitions: inventory.commitable-availability-recalculated.v1-0, inventory.commitable-availability-recalculated.v1-1, inventory.commitable-availability-recalculated.v1-2, inventory.mutation.v1-0, inventory.mutation.v1-1, inventory.mutation.v1-2, inventory.stock-updated.v1-0, inventory.stock-updated.v1-1, inventory.stock-updated.v1-2, order.cart.events.v1-0, order.cart.events.v1-1, order.cart.events.v1-2, order.events.v1-0, order.events.v1-1, order.events.v1-2
2026-04-17T22:45:05.262-05:00 INFO  [notification-order-events-consumer-0-C-1] [/] o.a.k.c.c.i.ConsumerCoordinator - [Consumer clientId=notification-service-local-0, groupId=notification-order-events-consumer] Found no committed offset for partition inventory.stock-updated.v1-1
2026-04-17T22:45:05.263-05:00 INFO  [notification-order-events-consumer-0-C-1] [/] o.a.k.c.c.i.ConsumerCoordinator - [Consumer clientId=notification-service-local-0, groupId=notification-order-events-consumer] Found no committed offset for partition inventory.stock-updated.v1-2
2026-04-17T22:45:05.263-05:00 INFO  [notification-order-events-consumer-0-C-1] [/] o.a.k.c.c.i.ConsumerCoordinator - [Consumer clientId=notification-service-local-0, groupId=notification-order-events-consumer] Found no committed offset for partition inventory.mutation.v1-2
2026-04-17T22:45:05.263-05:00 INFO  [notification-order-events-consumer-0-C-1] [/] o.a.k.c.c.i.ConsumerCoordinator - [Consumer clientId=notification-service-local-0, groupId=notification-order-events-consumer] Found no committed offset for partition inventory.commitable-availability-recalculated.v1-0
2026-04-17T22:45:05.263-05:00 INFO  [notification-order-events-consumer-0-C-1] [/] o.a.k.c.c.i.ConsumerCoordinator - [Consumer clientId=notification-service-local-0, groupId=notification-order-events-consumer] Found no committed offset for partition inventory.mutation.v1-1
2026-04-17T22:45:05.263-05:00 INFO  [notification-order-events-consumer-0-C-1] [/] o.a.k.c.c.i.ConsumerCoordinator - [Consumer clientId=notification-service-local-0, groupId=notification-order-events-consumer] Found no committed offset for partition inventory.commitable-availability-recalculated.v1-1
2026-04-17T22:45:05.263-05:00 INFO  [notification-order-events-consumer-0-C-1] [/] o.a.k.c.c.i.ConsumerCoordinator - [Consumer clientId=notification-service-local-0, groupId=notification-order-events-consumer] Found no committed offset for partition inventory.mutation.v1-0
2026-04-17T22:45:05.263-05:00 INFO  [notification-order-events-consumer-0-C-1] [/] o.a.k.c.c.i.ConsumerCoordinator - [Consumer clientId=notification-service-local-0, groupId=notification-order-events-consumer] Found no committed offset for partition order.events.v1-2
2026-04-17T22:45:05.263-05:00 INFO  [notification-order-events-consumer-0-C-1] [/] o.a.k.c.c.i.ConsumerCoordinator - [Consumer clientId=notification-service-local-0, groupId=notification-order-events-consumer] Found no committed offset for partition inventory.stock-updated.v1-0
2026-04-17T22:45:05.263-05:00 INFO  [notification-order-events-consumer-0-C-1] [/] o.a.k.c.c.i.ConsumerCoordinator - [Consumer clientId=notification-service-local-0, groupId=notification-order-events-consumer] Found no committed offset for partition order.events.v1-1
2026-04-17T22:45:05.263-05:00 INFO  [notification-order-events-consumer-0-C-1] [/] o.a.k.c.c.i.ConsumerCoordinator - [Consumer clientId=notification-service-local-0, groupId=notification-order-events-consumer] Found no committed offset for partition order.events.v1-0
2026-04-17T22:45:05.263-05:00 INFO  [notification-order-events-consumer-0-C-1] [/] o.a.k.c.c.i.ConsumerCoordinator - [Consumer clientId=notification-service-local-0, groupId=notification-order-events-consumer] Found no committed offset for partition order.cart.events.v1-2
2026-04-17T22:45:05.263-05:00 INFO  [notification-order-events-consumer-0-C-1] [/] o.a.k.c.c.i.ConsumerCoordinator - [Consumer clientId=notification-service-local-0, groupId=notification-order-events-consumer] Found no committed offset for partition order.cart.events.v1-1
2026-04-17T22:45:05.263-05:00 INFO  [notification-order-events-consumer-0-C-1] [/] o.a.k.c.c.i.ConsumerCoordinator - [Consumer clientId=notification-service-local-0, groupId=notification-order-events-consumer] Found no committed offset for partition order.cart.events.v1-0
2026-04-17T22:45:05.264-05:00 INFO  [notification-order-events-consumer-0-C-1] [/] o.a.k.c.c.i.ConsumerCoordinator - [Consumer clientId=notification-service-local-0, groupId=notification-order-events-consumer] Found no committed offset for partition inventory.commitable-availability-recalculated.v1-2
2026-04-17T22:45:05.277-05:00 INFO  [notification-order-events-consumer-0-C-1] [/] o.a.k.c.c.i.ConsumerCoordinator - [Consumer clientId=notification-service-local-0, groupId=notification-order-events-consumer] Found no committed offset for partition inventory.stock-updated.v1-1
2026-04-17T22:45:05.277-05:00 INFO  [notification-order-events-consumer-0-C-1] [/] o.a.k.c.c.i.ConsumerCoordinator - [Consumer clientId=notification-service-local-0, groupId=notification-order-events-consumer] Found no committed offset for partition inventory.stock-updated.v1-2
2026-04-17T22:45:05.277-05:00 INFO  [notification-order-events-consumer-0-C-1] [/] o.a.k.c.c.i.ConsumerCoordinator - [Consumer clientId=notification-service-local-0, groupId=notification-order-events-consumer] Found no committed offset for partition inventory.mutation.v1-2
2026-04-17T22:45:05.277-05:00 INFO  [notification-order-events-consumer-0-C-1] [/] o.a.k.c.c.i.ConsumerCoordinator - [Consumer clientId=notification-service-local-0, groupId=notification-order-events-consumer] Found no committed offset for partition inventory.commitable-availability-recalculated.v1-0
2026-04-17T22:45:05.277-05:00 INFO  [notification-order-events-consumer-0-C-1] [/] o.a.k.c.c.i.ConsumerCoordinator - [Consumer clientId=notification-service-local-0, groupId=notification-order-events-consumer] Found no committed offset for partition inventory.mutation.v1-1
2026-04-17T22:45:05.277-05:00 INFO  [notification-order-events-consumer-0-C-1] [/] o.a.k.c.c.i.ConsumerCoordinator - [Consumer clientId=notification-service-local-0, groupId=notification-order-events-consumer] Found no committed offset for partition inventory.commitable-availability-recalculated.v1-1
2026-04-17T22:45:05.277-05:00 INFO  [notification-order-events-consumer-0-C-1] [/] o.a.k.c.c.i.ConsumerCoordinator - [Consumer clientId=notification-service-local-0, groupId=notification-order-events-consumer] Found no committed offset for partition inventory.mutation.v1-0
2026-04-17T22:45:05.278-05:00 INFO  [notification-order-events-consumer-0-C-1] [/] o.a.k.c.c.i.ConsumerCoordinator - [Consumer clientId=notification-service-local-0, groupId=notification-order-events-consumer] Found no committed offset for partition order.events.v1-2
2026-04-17T22:45:05.278-05:00 INFO  [notification-order-events-consumer-0-C-1] [/] o.a.k.c.c.i.ConsumerCoordinator - [Consumer clientId=notification-service-local-0, groupId=notification-order-events-consumer] Found no committed offset for partition inventory.stock-updated.v1-0
2026-04-17T22:45:05.278-05:00 INFO  [notification-order-events-consumer-0-C-1] [/] o.a.k.c.c.i.ConsumerCoordinator - [Consumer clientId=notification-service-local-0, groupId=notification-order-events-consumer] Found no committed offset for partition order.events.v1-1
2026-04-17T22:45:05.278-05:00 INFO  [notification-order-events-consumer-0-C-1] [/] o.a.k.c.c.i.ConsumerCoordinator - [Consumer clientId=notification-service-local-0, groupId=notification-order-events-consumer] Found no committed offset for partition order.events.v1-0
2026-04-17T22:45:05.278-05:00 INFO  [notification-order-events-consumer-0-C-1] [/] o.a.k.c.c.i.ConsumerCoordinator - [Consumer clientId=notification-service-local-0, groupId=notification-order-events-consumer] Found no committed offset for partition order.cart.events.v1-2
2026-04-17T22:45:05.278-05:00 INFO  [notification-order-events-consumer-0-C-1] [/] o.a.k.c.c.i.ConsumerCoordinator - [Consumer clientId=notification-service-local-0, groupId=notification-order-events-consumer] Found no committed offset for partition order.cart.events.v1-1
2026-04-17T22:45:05.278-05:00 INFO  [notification-order-events-consumer-0-C-1] [/] o.a.k.c.c.i.ConsumerCoordinator - [Consumer clientId=notification-service-local-0, groupId=notification-order-events-consumer] Found no committed offset for partition order.cart.events.v1-0
2026-04-17T22:45:05.278-05:00 INFO  [notification-order-events-consumer-0-C-1] [/] o.a.k.c.c.i.ConsumerCoordinator - [Consumer clientId=notification-service-local-0, groupId=notification-order-events-consumer] Found no committed offset for partition inventory.commitable-availability-recalculated.v1-2
2026-04-17T22:45:05.310-05:00 INFO  [notification-order-events-consumer-0-C-1] [/] o.a.k.c.c.i.SubscriptionState - [Consumer clientId=notification-service-local-0, groupId=notification-order-events-consumer] Resetting offset for partition inventory.stock-updated.v1-1 to position FetchPosition{offset=0, offsetEpoch=Optional.empty, currentLeader=LeaderAndEpoch{leader=Optional[localhost:59092 (id: 1 rack: null)], epoch=0}}.
2026-04-17T22:45:05.311-05:00 INFO  [notification-order-events-consumer-0-C-1] [/] o.a.k.c.c.i.SubscriptionState - [Consumer clientId=notification-service-local-0, groupId=notification-order-events-consumer] Resetting offset for partition inventory.stock-updated.v1-2 to position FetchPosition{offset=0, offsetEpoch=Optional.empty, currentLeader=LeaderAndEpoch{leader=Optional[localhost:59092 (id: 1 rack: null)], epoch=0}}.
2026-04-17T22:45:05.312-05:00 INFO  [notification-order-events-consumer-0-C-1] [/] o.a.k.c.c.i.SubscriptionState - [Consumer clientId=notification-service-local-0, groupId=notification-order-events-consumer] Resetting offset for partition inventory.mutation.v1-2 to position FetchPosition{offset=0, offsetEpoch=Optional.empty, currentLeader=LeaderAndEpoch{leader=Optional[localhost:59092 (id: 1 rack: null)], epoch=0}}.
2026-04-17T22:45:05.312-05:00 INFO  [notification-order-events-consumer-0-C-1] [/] o.a.k.c.c.i.SubscriptionState - [Consumer clientId=notification-service-local-0, groupId=notification-order-events-consumer] Resetting offset for partition inventory.mutation.v1-1 to position FetchPosition{offset=0, offsetEpoch=Optional.empty, currentLeader=LeaderAndEpoch{leader=Optional[localhost:59092 (id: 1 rack: null)], epoch=0}}.
2026-04-17T22:45:05.312-05:00 INFO  [notification-order-events-consumer-0-C-1] [/] o.a.k.c.c.i.SubscriptionState - [Consumer clientId=notification-service-local-0, groupId=notification-order-events-consumer] Resetting offset for partition inventory.commitable-availability-recalculated.v1-0 to position FetchPosition{offset=0, offsetEpoch=Optional.empty, currentLeader=LeaderAndEpoch{leader=Optional[localhost:59092 (id: 1 rack: null)], epoch=0}}.
2026-04-17T22:45:05.312-05:00 INFO  [notification-order-events-consumer-0-C-1] [/] o.a.k.c.c.i.SubscriptionState - [Consumer clientId=notification-service-local-0, groupId=notification-order-events-consumer] Resetting offset for partition inventory.mutation.v1-0 to position FetchPosition{offset=0, offsetEpoch=Optional.empty, currentLeader=LeaderAndEpoch{leader=Optional[localhost:59092 (id: 1 rack: null)], epoch=0}}.
2026-04-17T22:45:05.312-05:00 INFO  [notification-order-events-consumer-0-C-1] [/] o.a.k.c.c.i.SubscriptionState - [Consumer clientId=notification-service-local-0, groupId=notification-order-events-consumer] Resetting offset for partition inventory.commitable-availability-recalculated.v1-1 to position FetchPosition{offset=0, offsetEpoch=Optional.empty, currentLeader=LeaderAndEpoch{leader=Optional[localhost:59092 (id: 1 rack: null)], epoch=0}}.
2026-04-17T22:45:05.312-05:00 INFO  [notification-order-events-consumer-0-C-1] [/] o.a.k.c.c.i.SubscriptionState - [Consumer clientId=notification-service-local-0, groupId=notification-order-events-consumer] Resetting offset for partition order.events.v1-2 to position FetchPosition{offset=0, offsetEpoch=Optional.empty, currentLeader=LeaderAndEpoch{leader=Optional[localhost:59092 (id: 1 rack: null)], epoch=0}}.
2026-04-17T22:45:05.313-05:00 INFO  [notification-order-events-consumer-0-C-1] [/] o.a.k.c.c.i.SubscriptionState - [Consumer clientId=notification-service-local-0, groupId=notification-order-events-consumer] Resetting offset for partition inventory.stock-updated.v1-0 to position FetchPosition{offset=0, offsetEpoch=Optional.empty, currentLeader=LeaderAndEpoch{leader=Optional[localhost:59092 (id: 1 rack: null)], epoch=0}}.
2026-04-17T22:45:05.314-05:00 INFO  [notification-order-events-consumer-0-C-1] [/] o.a.k.c.c.i.SubscriptionState - [Consumer clientId=notification-service-local-0, groupId=notification-order-events-consumer] Resetting offset for partition order.events.v1-1 to position FetchPosition{offset=0, offsetEpoch=Optional.empty, currentLeader=LeaderAndEpoch{leader=Optional[localhost:59092 (id: 1 rack: null)], epoch=0}}.
2026-04-17T22:45:05.314-05:00 INFO  [notification-order-events-consumer-0-C-1] [/] o.a.k.c.c.i.SubscriptionState - [Consumer clientId=notification-service-local-0, groupId=notification-order-events-consumer] Resetting offset for partition order.events.v1-0 to position FetchPosition{offset=0, offsetEpoch=Optional.empty, currentLeader=LeaderAndEpoch{leader=Optional[localhost:59092 (id: 1 rack: null)], epoch=0}}.
2026-04-17T22:45:05.314-05:00 INFO  [notification-order-events-consumer-0-C-1] [/] o.a.k.c.c.i.SubscriptionState - [Consumer clientId=notification-service-local-0, groupId=notification-order-events-consumer] Resetting offset for partition order.cart.events.v1-2 to position FetchPosition{offset=0, offsetEpoch=Optional.empty, currentLeader=LeaderAndEpoch{leader=Optional[localhost:59092 (id: 1 rack: null)], epoch=0}}.
2026-04-17T22:45:05.314-05:00 INFO  [notification-order-events-consumer-0-C-1] [/] o.a.k.c.c.i.SubscriptionState - [Consumer clientId=notification-service-local-0, groupId=notification-order-events-consumer] Resetting offset for partition order.cart.events.v1-1 to position FetchPosition{offset=0, offsetEpoch=Optional.empty, currentLeader=LeaderAndEpoch{leader=Optional[localhost:59092 (id: 1 rack: null)], epoch=0}}.
2026-04-17T22:45:05.314-05:00 INFO  [notification-order-events-consumer-0-C-1] [/] o.a.k.c.c.i.SubscriptionState - [Consumer clientId=notification-service-local-0, groupId=notification-order-events-consumer] Resetting offset for partition order.cart.events.v1-0 to position FetchPosition{offset=0, offsetEpoch=Optional.empty, currentLeader=LeaderAndEpoch{leader=Optional[localhost:59092 (id: 1 rack: null)], epoch=0}}.
2026-04-17T22:45:05.314-05:00 INFO  [notification-order-events-consumer-0-C-1] [/] o.a.k.c.c.i.SubscriptionState - [Consumer clientId=notification-service-local-0, groupId=notification-order-events-consumer] Resetting offset for partition inventory.commitable-availability-recalculated.v1-2 to position FetchPosition{offset=0, offsetEpoch=Optional.empty, currentLeader=LeaderAndEpoch{leader=Optional[localhost:59092 (id: 1 rack: null)], epoch=0}}.
2026-04-17T22:45:05.436-05:00 INFO  [notification-order-events-consumer-0-C-1] [/] o.s.k.l.KafkaMessageListenerContainer - notification-order-events-consumer: partitions assigned: [inventory.commitable-availability-recalculated.v1-0, inventory.commitable-availability-recalculated.v1-1, inventory.commitable-availability-recalculated.v1-2, inventory.mutation.v1-0, inventory.mutation.v1-1, inventory.mutation.v1-2, inventory.stock-updated.v1-0, inventory.stock-updated.v1-1, inventory.stock-updated.v1-2, order.cart.events.v1-0, order.cart.events.v1-1, order.cart.events.v1-2, order.events.v1-0, order.events.v1-1, order.events.v1-2]
2026-04-17T22:45:14.875-05:00 INFO  [reactor-tcp-nio-5] [/] c.a.n.i.a.i.e.OrderDomainEventKafkaConsumer - Order event consumed and notification emitted. topic=inventory.commitable-availability-recalculated.v1 partition=0 offset=0 eventType=CommitableAvailabilityRecalculated notificationId=d6807c9f-4ac4-4446-8a1a-f169d362f13c
2026-04-17T22:45:15.154-05:00 INFO  [reactor-tcp-nio-5] [/] c.a.n.i.a.i.e.OrderDomainEventKafkaConsumer - Order event consumed and notification emitted. topic=inventory.stock-updated.v1 partition=0 offset=0 eventType=StockUpdated notificationId=d8036a59-76a1-4417-a5ac-dcc66ecbddb3
2026-04-17T22:45:15.489-05:00 INFO  [reactor-tcp-nio-5] [/] o.a.k.c.producer.ProducerConfig - ProducerConfig values: 
	acks = -1
	auto.include.jmx.reporter = true
	batch.size = 16384
	bootstrap.servers = [localhost:59092]
	buffer.memory = 33554432
	client.dns.lookup = use_all_dns_ips
	client.id = notification-service-local-1
	compression.gzip.level = -1
	compression.lz4.level = 9
	compression.type = none
	compression.zstd.level = 3
	connections.max.idle.ms = 540000
	delivery.timeout.ms = 120000
	enable.idempotence = true
	enable.metrics.push = true
	interceptor.classes = []
	key.serializer = class org.apache.kafka.common.serialization.StringSerializer
	linger.ms = 0
	max.block.ms = 60000
	max.in.flight.requests.per.connection = 5
	max.request.size = 1048576
	metadata.max.age.ms = 300000
	metadata.max.idle.ms = 300000
	metadata.recovery.strategy = none
	metric.reporters = []
	metrics.num.samples = 2
	metrics.recording.level = INFO
	metrics.sample.window.ms = 30000
	partitioner.adaptive.partitioning.enable = true
	partitioner.availability.timeout.ms = 0
	partitioner.class = null
	partitioner.ignore.keys = false
	receive.buffer.bytes = 32768
	reconnect.backoff.max.ms = 1000
	reconnect.backoff.ms = 50
	request.timeout.ms = 30000
	retries = 3
	retry.backoff.max.ms = 1000
	retry.backoff.ms = 100
	sasl.client.callback.handler.class = null
	sasl.jaas.config = null
	sasl.kerberos.kinit.cmd = /usr/bin/kinit
	sasl.kerberos.min.time.before.relogin = 60000
	sasl.kerberos.service.name = null
	sasl.kerberos.ticket.renew.jitter = 0.05
	sasl.kerberos.ticket.renew.window.factor = 0.8
	sasl.login.callback.handler.class = null
	sasl.login.class = null
	sasl.login.connect.timeout.ms = null
	sasl.login.read.timeout.ms = null
	sasl.login.refresh.buffer.seconds = 300
	sasl.login.refresh.min.period.seconds = 60
	sasl.login.refresh.window.factor = 0.8
	sasl.login.refresh.window.jitter = 0.05
	sasl.login.retry.backoff.max.ms = 10000
	sasl.login.retry.backoff.ms = 100
	sasl.mechanism = GSSAPI
	sasl.oauthbearer.clock.skew.seconds = 30
	sasl.oauthbearer.expected.audience = null
	sasl.oauthbearer.expected.issuer = null
	sasl.oauthbearer.header.urlencode = false
	sasl.oauthbearer.jwks.endpoint.refresh.ms = 3600000
	sasl.oauthbearer.jwks.endpoint.retry.backoff.max.ms = 10000
	sasl.oauthbearer.jwks.endpoint.retry.backoff.ms = 100
	sasl.oauthbearer.jwks.endpoint.url = null
	sasl.oauthbearer.scope.claim.name = scope
	sasl.oauthbearer.sub.claim.name = sub
	sasl.oauthbearer.token.endpoint.url = null
	security.protocol = PLAINTEXT
	security.providers = null
	send.buffer.bytes = 131072
	socket.connection.setup.timeout.max.ms = 30000
	socket.connection.setup.timeout.ms = 10000
	ssl.cipher.suites = null
	ssl.enabled.protocols = [TLSv1.2, TLSv1.3]
	ssl.endpoint.identification.algorithm = https
	ssl.engine.factory.class = null
	ssl.key.password = null
	ssl.keymanager.algorithm = SunX509
	ssl.keystore.certificate.chain = null
	ssl.keystore.key = null
	ssl.keystore.location = null
	ssl.keystore.password = null
	ssl.keystore.type = JKS
	ssl.protocol = TLSv1.3
	ssl.provider = null
	ssl.secure.random.implementation = null
	ssl.trustmanager.algorithm = PKIX
	ssl.truststore.certificates = null
	ssl.truststore.location = null
	ssl.truststore.password = null
	ssl.truststore.type = JKS
	transaction.timeout.ms = 60000
	transactional.id = null
	value.serializer = class org.apache.kafka.common.serialization.StringSerializer

2026-04-17T22:45:15.500-05:00 INFO  [reactor-tcp-nio-5] [/] o.a.k.c.t.i.KafkaMetricsCollector - initializing Kafka metrics collector
2026-04-17T22:45:15.523-05:00 INFO  [reactor-tcp-nio-1] [/] c.a.n.i.a.i.e.OrderDomainEventKafkaConsumer - Order event consumed and notification emitted. topic=inventory.commitable-availability-recalculated.v1 partition=0 offset=1 eventType=CommitableAvailabilityRecalculated notificationId=9c066c81-4b4b-4b60-91a1-95ef1d238ccb
2026-04-17T22:45:15.555-05:00 INFO  [reactor-tcp-nio-5] [/] o.a.k.clients.producer.KafkaProducer - [Producer clientId=notification-service-local-1] Instantiated an idempotent producer.
2026-04-17T22:45:15.637-05:00 INFO  [reactor-tcp-nio-5] [/] o.a.kafka.common.utils.AppInfoParser - Kafka version: 3.9.1
2026-04-17T22:45:15.637-05:00 INFO  [reactor-tcp-nio-5] [/] o.a.kafka.common.utils.AppInfoParser - Kafka commitId: f745dfdcee2b9851
2026-04-17T22:45:15.637-05:00 INFO  [reactor-tcp-nio-5] [/] o.a.kafka.common.utils.AppInfoParser - Kafka startTimeMs: 1776483915637
2026-04-17T22:45:15.668-05:00 INFO  [kafka-producer-network-thread | notification-service-local-1] [/] org.apache.kafka.clients.Metadata - [Producer clientId=notification-service-local-1] Cluster ID: MkU3OEVBNTcwNTJENDM2Qk
2026-04-17T22:45:15.669-05:00 INFO  [kafka-producer-network-thread | notification-service-local-1] [/] o.a.k.c.p.i.TransactionManager - [Producer clientId=notification-service-local-1] ProducerId set to 4 with epoch 0
2026-04-17T22:45:15.681-05:00 INFO  [reactor-tcp-nio-1] [/] c.a.n.i.a.i.e.OrderDomainEventKafkaConsumer - Order event consumed and notification emitted. topic=inventory.stock-updated.v1 partition=0 offset=1 eventType=StockUpdated notificationId=214f3a47-07ea-41fb-bf98-c89d296284d3
2026-04-17T22:45:16.175-05:00 INFO  [reactor-tcp-nio-5] [/] c.a.n.i.a.i.e.OrderDomainEventKafkaConsumer - Order event consumed and notification emitted. topic=order.cart.events.v1 partition=2 offset=0 eventType=CartCreated notificationId=839feded-bfb1-4ed8-bd0d-392a1a2a4426
2026-04-17T22:45:16.250-05:00 INFO  [reactor-tcp-nio-5] [/] c.a.n.i.a.i.e.OrderDomainEventKafkaConsumer - Order event consumed and notification emitted. topic=order.cart.events.v1 partition=2 offset=1 eventType=CartItemsAdjusted notificationId=cd41a0fa-d989-4e9e-be92-37c157f4a8a2
2026-04-17T22:45:16.554-05:00 INFO  [reactor-tcp-nio-5] [/] c.a.n.i.a.i.e.OrderDomainEventKafkaConsumer - Order event consumed and notification emitted. topic=order.events.v1 partition=2 offset=0 eventType=CheckoutAvailabilityValidated notificationId=dbe86339-94a4-4b04-934c-fcd8847f5a26
2026-04-17T22:45:16.608-05:00 INFO  [reactor-tcp-nio-5] [/] c.a.n.i.a.i.e.OrderDomainEventKafkaConsumer - Order event consumed and notification emitted. topic=order.events.v1 partition=0 offset=0 eventType=OrderCreatedFromValidatedCart notificationId=785b710c-5584-4cdb-9498-61be96159daa
2026-04-17T22:45:23.449-05:00 WARN  [reactor-tcp-nio-5] [/] c.a.n.i.c.NotificationDispatchScheduler - Notification scheduler dispatch failed notificationId=d6807c9f-4ac4-4446-8a1a-f169d362f13c tenantId=tenant-demo error=executeMany; SQL [INSERT INTO notification_attempts (attempt_id, tenant_id, notification_id, attempt_number, result_status, provider_code, retryable, request_snapshot, created_at) VALUES ($1, $2, $3, $4, $5, $6, $7, $8, $9)]; duplicate key value violates unique constraint "uq_notification_attempts_number"
2026-04-17T22:45:23.460-05:00 WARN  [reactor-tcp-nio-4] [/] c.a.n.i.c.NotificationDispatchScheduler - Notification scheduler dispatch failed notificationId=d8036a59-76a1-4417-a5ac-dcc66ecbddb3 tenantId=tenant-demo error=executeMany; SQL [INSERT INTO notification_attempts (attempt_id, tenant_id, notification_id, attempt_number, result_status, provider_code, retryable, request_snapshot, created_at) VALUES ($1, $2, $3, $4, $5, $6, $7, $8, $9)]; duplicate key value violates unique constraint "uq_notification_attempts_number"
2026-04-17T22:45:23.466-05:00 WARN  [reactor-tcp-nio-4] [/] c.a.n.i.c.NotificationDispatchScheduler - Notification scheduler dispatch failed notificationId=9c066c81-4b4b-4b60-91a1-95ef1d238ccb tenantId=tenant-demo error=executeMany; SQL [INSERT INTO notification_attempts (attempt_id, tenant_id, notification_id, attempt_number, result_status, provider_code, retryable, request_snapshot, created_at) VALUES ($1, $2, $3, $4, $5, $6, $7, $8, $9)]; duplicate key value violates unique constraint "uq_notification_attempts_number"
2026-04-17T22:45:23.471-05:00 WARN  [reactor-tcp-nio-4] [/] c.a.n.i.c.NotificationDispatchScheduler - Notification scheduler dispatch failed notificationId=214f3a47-07ea-41fb-bf98-c89d296284d3 tenantId=tenant-demo error=executeMany; SQL [INSERT INTO notification_attempts (attempt_id, tenant_id, notification_id, attempt_number, result_status, provider_code, retryable, request_snapshot, created_at) VALUES ($1, $2, $3, $4, $5, $6, $7, $8, $9)]; duplicate key value violates unique constraint "uq_notification_attempts_number"
2026-04-17T22:45:23.476-05:00 WARN  [reactor-tcp-nio-4] [/] c.a.n.i.c.NotificationDispatchScheduler - Notification scheduler dispatch failed notificationId=839feded-bfb1-4ed8-bd0d-392a1a2a4426 tenantId=tenant-demo error=executeMany; SQL [INSERT INTO notification_attempts (attempt_id, tenant_id, notification_id, attempt_number, result_status, provider_code, retryable, request_snapshot, created_at) VALUES ($1, $2, $3, $4, $5, $6, $7, $8, $9)]; duplicate key value violates unique constraint "uq_notification_attempts_number"
2026-04-17T22:45:23.485-05:00 WARN  [reactor-tcp-nio-4] [/] c.a.n.i.c.NotificationDispatchScheduler - Notification scheduler dispatch failed notificationId=cd41a0fa-d989-4e9e-be92-37c157f4a8a2 tenantId=tenant-demo error=executeMany; SQL [INSERT INTO notification_attempts (attempt_id, tenant_id, notification_id, attempt_number, result_status, provider_code, retryable, request_snapshot, created_at) VALUES ($1, $2, $3, $4, $5, $6, $7, $8, $9)]; duplicate key value violates unique constraint "uq_notification_attempts_number"
2026-04-17T22:45:23.491-05:00 WARN  [reactor-tcp-nio-4] [/] c.a.n.i.c.NotificationDispatchScheduler - Notification scheduler dispatch failed notificationId=dbe86339-94a4-4b04-934c-fcd8847f5a26 tenantId=tenant-demo error=executeMany; SQL [INSERT INTO notification_attempts (attempt_id, tenant_id, notification_id, attempt_number, result_status, provider_code, retryable, request_snapshot, created_at) VALUES ($1, $2, $3, $4, $5, $6, $7, $8, $9)]; duplicate key value violates unique constraint "uq_notification_attempts_number"
2026-04-17T22:45:23.495-05:00 WARN  [reactor-tcp-nio-4] [/] c.a.n.i.c.NotificationDispatchScheduler - Notification scheduler dispatch failed notificationId=785b710c-5584-4cdb-9498-61be96159daa tenantId=tenant-demo error=executeMany; SQL [INSERT INTO notification_attempts (attempt_id, tenant_id, notification_id, attempt_number, result_status, provider_code, retryable, request_snapshot, created_at) VALUES ($1, $2, $3, $4, $5, $6, $7, $8, $9)]; duplicate key value violates unique constraint "uq_notification_attempts_number"
2026-04-17T22:45:32.126-05:00 WARN  [reactor-tcp-nio-4] [/] c.a.n.i.c.NotificationDispatchScheduler - Notification scheduler dispatch failed notificationId=d6807c9f-4ac4-4446-8a1a-f169d362f13c tenantId=tenant-demo error=executeMany; SQL [INSERT INTO notification_attempts (attempt_id, tenant_id, notification_id, attempt_number, result_status, provider_code, retryable, request_snapshot, created_at) VALUES ($1, $2, $3, $4, $5, $6, $7, $8, $9)]; duplicate key value violates unique constraint "uq_notification_attempts_number"
2026-04-17T22:45:32.268-05:00 WARN  [reactor-tcp-nio-4] [/] c.a.n.i.c.NotificationDispatchScheduler - Notification scheduler dispatch failed notificationId=d8036a59-76a1-4417-a5ac-dcc66ecbddb3 tenantId=tenant-demo error=executeMany; SQL [INSERT INTO notification_attempts (attempt_id, tenant_id, notification_id, attempt_number, result_status, provider_code, retryable, request_snapshot, created_at) VALUES ($1, $2, $3, $4, $5, $6, $7, $8, $9)]; duplicate key value violates unique constraint "uq_notification_attempts_number"
2026-04-17T22:45:32.326-05:00 WARN  [reactor-tcp-nio-4] [/] c.a.n.i.c.NotificationDispatchScheduler - Notification scheduler dispatch failed notificationId=9c066c81-4b4b-4b60-91a1-95ef1d238ccb tenantId=tenant-demo error=executeMany; SQL [INSERT INTO notification_attempts (attempt_id, tenant_id, notification_id, attempt_number, result_status, provider_code, retryable, request_snapshot, created_at) VALUES ($1, $2, $3, $4, $5, $6, $7, $8, $9)]; duplicate key value violates unique constraint "uq_notification_attempts_number"
2026-04-17T22:45:32.369-05:00 WARN  [reactor-tcp-nio-4] [/] c.a.n.i.c.NotificationDispatchScheduler - Notification scheduler dispatch failed notificationId=214f3a47-07ea-41fb-bf98-c89d296284d3 tenantId=tenant-demo error=executeMany; SQL [INSERT INTO notification_attempts (attempt_id, tenant_id, notification_id, attempt_number, result_status, provider_code, retryable, request_snapshot, created_at) VALUES ($1, $2, $3, $4, $5, $6, $7, $8, $9)]; duplicate key value violates unique constraint "uq_notification_attempts_number"
2026-04-17T22:45:32.396-05:00 WARN  [reactor-tcp-nio-4] [/] c.a.n.i.c.NotificationDispatchScheduler - Notification scheduler dispatch failed notificationId=839feded-bfb1-4ed8-bd0d-392a1a2a4426 tenantId=tenant-demo error=executeMany; SQL [INSERT INTO notification_attempts (attempt_id, tenant_id, notification_id, attempt_number, result_status, provider_code, retryable, request_snapshot, created_at) VALUES ($1, $2, $3, $4, $5, $6, $7, $8, $9)]; duplicate key value violates unique constraint "uq_notification_attempts_number"
2026-04-17T22:45:32.418-05:00 WARN  [reactor-tcp-nio-4] [/] c.a.n.i.c.NotificationDispatchScheduler - Notification scheduler dispatch failed notificationId=cd41a0fa-d989-4e9e-be92-37c157f4a8a2 tenantId=tenant-demo error=executeMany; SQL [INSERT INTO notification_attempts (attempt_id, tenant_id, notification_id, attempt_number, result_status, provider_code, retryable, request_snapshot, created_at) VALUES ($1, $2, $3, $4, $5, $6, $7, $8, $9)]; duplicate key value violates unique constraint "uq_notification_attempts_number"
2026-04-17T22:45:32.459-05:00 WARN  [reactor-tcp-nio-4] [/] c.a.n.i.c.NotificationDispatchScheduler - Notification scheduler dispatch failed notificationId=dbe86339-94a4-4b04-934c-fcd8847f5a26 tenantId=tenant-demo error=executeMany; SQL [INSERT INTO notification_attempts (attempt_id, tenant_id, notification_id, attempt_number, result_status, provider_code, retryable, request_snapshot, created_at) VALUES ($1, $2, $3, $4, $5, $6, $7, $8, $9)]; duplicate key value violates unique constraint "uq_notification_attempts_number"
2026-04-17T22:45:32.475-05:00 WARN  [reactor-tcp-nio-4] [/] c.a.n.i.c.NotificationDispatchScheduler - Notification scheduler dispatch failed notificationId=785b710c-5584-4cdb-9498-61be96159daa tenantId=tenant-demo error=executeMany; SQL [INSERT INTO notification_attempts (attempt_id, tenant_id, notification_id, attempt_number, result_status, provider_code, retryable, request_snapshot, created_at) VALUES ($1, $2, $3, $4, $5, $6, $7, $8, $9)]; duplicate key value violates unique constraint "uq_notification_attempts_number"
2026-04-17T22:45:33.452-05:00 WARN  [reactor-tcp-nio-1] [/] c.a.n.i.c.NotificationDispatchScheduler - Notification scheduler dispatch failed notificationId=d6807c9f-4ac4-4446-8a1a-f169d362f13c tenantId=tenant-demo error=executeMany; SQL [INSERT INTO notification_attempts (attempt_id, tenant_id, notification_id, attempt_number, result_status, provider_code, retryable, request_snapshot, created_at) VALUES ($1, $2, $3, $4, $5, $6, $7, $8, $9)]; duplicate key value violates unique constraint "uq_notification_attempts_number"
2026-04-17T22:45:33.527-05:00 WARN  [reactor-tcp-nio-1] [/] c.a.n.i.c.NotificationDispatchScheduler - Notification scheduler dispatch failed notificationId=d8036a59-76a1-4417-a5ac-dcc66ecbddb3 tenantId=tenant-demo error=executeMany; SQL [INSERT INTO notification_attempts (attempt_id, tenant_id, notification_id, attempt_number, result_status, provider_code, retryable, request_snapshot, created_at) VALUES ($1, $2, $3, $4, $5, $6, $7, $8, $9)]; duplicate key value violates unique constraint "uq_notification_attempts_number"
2026-04-17T22:45:33.532-05:00 WARN  [reactor-tcp-nio-1] [/] c.a.n.i.c.NotificationDispatchScheduler - Notification scheduler dispatch failed notificationId=9c066c81-4b4b-4b60-91a1-95ef1d238ccb tenantId=tenant-demo error=executeMany; SQL [INSERT INTO notification_attempts (attempt_id, tenant_id, notification_id, attempt_number, result_status, provider_code, retryable, request_snapshot, created_at) VALUES ($1, $2, $3, $4, $5, $6, $7, $8, $9)]; duplicate key value violates unique constraint "uq_notification_attempts_number"
2026-04-17T22:45:33.560-05:00 WARN  [reactor-tcp-nio-1] [/] c.a.n.i.c.NotificationDispatchScheduler - Notification scheduler dispatch failed notificationId=214f3a47-07ea-41fb-bf98-c89d296284d3 tenantId=tenant-demo error=executeMany; SQL [INSERT INTO notification_attempts (attempt_id, tenant_id, notification_id, attempt_number, result_status, provider_code, retryable, request_snapshot, created_at) VALUES ($1, $2, $3, $4, $5, $6, $7, $8, $9)]; duplicate key value violates unique constraint "uq_notification_attempts_number"
2026-04-17T22:45:33.599-05:00 WARN  [reactor-tcp-nio-1] [/] c.a.n.i.c.NotificationDispatchScheduler - Notification scheduler dispatch failed notificationId=839feded-bfb1-4ed8-bd0d-392a1a2a4426 tenantId=tenant-demo error=executeMany; SQL [INSERT INTO notification_attempts (attempt_id, tenant_id, notification_id, attempt_number, result_status, provider_code, retryable, request_snapshot, created_at) VALUES ($1, $2, $3, $4, $5, $6, $7, $8, $9)]; duplicate key value violates unique constraint "uq_notification_attempts_number"
2026-04-17T22:45:33.650-05:00 WARN  [reactor-tcp-nio-1] [/] c.a.n.i.c.NotificationDispatchScheduler - Notification scheduler dispatch failed notificationId=cd41a0fa-d989-4e9e-be92-37c157f4a8a2 tenantId=tenant-demo error=executeMany; SQL [INSERT INTO notification_attempts (attempt_id, tenant_id, notification_id, attempt_number, result_status, provider_code, retryable, request_snapshot, created_at) VALUES ($1, $2, $3, $4, $5, $6, $7, $8, $9)]; duplicate key value violates unique constraint "uq_notification_attempts_number"
2026-04-17T22:45:33.743-05:00 WARN  [reactor-tcp-nio-1] [/] c.a.n.i.c.NotificationDispatchScheduler - Notification scheduler dispatch failed notificationId=dbe86339-94a4-4b04-934c-fcd8847f5a26 tenantId=tenant-demo error=executeMany; SQL [INSERT INTO notification_attempts (attempt_id, tenant_id, notification_id, attempt_number, result_status, provider_code, retryable, request_snapshot, created_at) VALUES ($1, $2, $3, $4, $5, $6, $7, $8, $9)]; duplicate key value violates unique constraint "uq_notification_attempts_number"
2026-04-17T22:45:33.876-05:00 WARN  [reactor-tcp-nio-1] [/] c.a.n.i.c.NotificationDispatchScheduler - Notification scheduler dispatch failed notificationId=785b710c-5584-4cdb-9498-61be96159daa tenantId=tenant-demo error=executeMany; SQL [INSERT INTO notification_attempts (attempt_id, tenant_id, notification_id, attempt_number, result_status, provider_code, retryable, request_snapshot, created_at) VALUES ($1, $2, $3, $4, $5, $6, $7, $8, $9)]; duplicate key value violates unique constraint "uq_notification_attempts_number"
